Turbo Assembler	 Version 4.0	    03/21/25 12:28:24	    Page 1
lab21.asm



      1	0000			     STACKSEGMENT SEGMENT PARA STACK "STACK"
      2	0000  40*(??)				      DB 64 DUP(?)
      3	0040			     STACKSEGMENT ENDS
      4
      5	0000			     DATASEGMENT SEGMENT PARA PUBLIC "DATA"
      6	0000  54 68 69 73 20 70	72+	 GREETING_MSG	 DB 'This program subtracts 96 from your number. $'
      7	      6F 67 72 61 6D 20	73+
      8	      75 62 74 72 61 63	74+
      9	      73 20 39 36 20 66	72+
     10	      6F 6D 20 79 6F 75	72+
     11	      20 6E 75 6D 62 65	72+
     12	      2E 20 24
     13	002D  0D 0A 45 6E 74 65	72+	 RULES_MSG	 DB 13,	10, 'Enter a number in range [-32672, 32767] $'
     14	      20 61 20 6E 75 6D	62+
     15	      65 72 20 69 6E 20	72+
     16	      61 6E 67 65 20 5B	2D+
     17	      33 32 36 37 32 2C	20+
     18	      33 32 37 36 37 5D	20+
     19	      24
     20	0058  0D 0A 59 6F 75 72	20+	 INPUT_MSG	 DB 13,	10, 'Your number: $'
     21	      6E 75 6D 62 65 72	3A+
     22	      20 24
     23	0068  0D 0A 52 65 73 75	6C+	 RESULT_MSG	 DB 13,	10, 'Result: $'
     24	      74 3A 20 24
     25	0073  0D 0A 45 72 72 6F	72+	 ERR_EMPTY_MSG	 DB 13,	10, 'Error: No input provided! $'
     26	      3A 20 4E 6F 20 69	6E+
     27	      70 75 74 20 70 72	6F+
     28	      76 69 64 65 64 21	20+
     29	      24
     30	0090  0D 0A 45 72 72 6F	72+	 ERR_RANGE_MSG	 DB 13,	10, 'Error: Number out of range! $'
     31	      3A 20 4E 75 6D 62	65+
     32	      72 20 6F 75 74 20	6F+
     33	      66 20 72 61 6E 67	65+
     34	      21 20 24
     35	00AF  0D 0A 45 72 72 6F	72+	 ERR_INVALID_MSG DB 13,	10, 'Error: Invalid input! $'
     36	      3A 20 49 6E 76 61	6C+
     37	      69 64 20 69 6E 70	75+
     38	      74 21 20 24
     39	00C8  0D 0A 44 6F 20 79	6F+	 EXIT_MSG	 DB 13,	10, 'Do	you want to exit? (y/*ANY*): $'
     40	      75 20 77 61 6E 74	20+
     41	      74 6F 20 65 78 69	74+
     42	      3F 20 28 79 2F 2A	41+
     43	      4E 59 2A 29 3A 20	24
     44
     45	00EB  00			 IS_VALID	 DB 0
     46	00EC  00			 IS_NEGATIVE	 DB 0
     47	00ED  07 ?? 07*(??)		 USER_INPUT	 DB 7, ?, 7 DUP(?)
     48	00F6  0000			 INT_NUM	 DW 0
     49	00F8			     DATASEGMENT ENDS
     50
     51	0000			     CODESEGMENT SEGMENT PARA "CODE"
     52	0000			     MAIN PROC FAR
     53							   ASSUME CS:CODESEGMENT, DS:DATASEGMENT, SS:STACKSEGMENT
     54
     55	0000  1E					   PUSH	  DS
     56	0001  B8 0000s					   MOV	  AX, DATASEGMENT
     57	0004  8E D8					   MOV	  DS, AX
Turbo Assembler	 Version 4.0	    03/21/25 12:28:24	    Page 2
lab21.asm



     58
     59	0006  E8 0045					   CALL	  PrintGreeting
     60
     61	0009			     program_loop:
     62	0009  E8 0027					   CALL	  ResetState
     63	000C  E8 004E					   CALL	  AskForInput
     64	000F  E8 0053					   CALL	  ReadUserNumber
     65	0012  E8 0058					   CALL	  ValidateUserInput
     66	0015  80 3E 00EBr 01				   CMP	  BYTE PTR [IS_VALID], 1
     67	001A  74 ED					   JE	  program_loop
     68	001C  E8 00E3					   CALL	  SubtractNumber
     69	001F  E8 00EA					   CALL	  PrintResult
     70
     71	0022  E8 011A					   CALL	  AskForExit
     72	0025  80 3E 00EDr 79				   CMP	  BYTE PTR [USER_INPUT], 'y'
     73	002A  74 02					   JE	  ExitProgram
     74	002C  EB DB					   JMP	  program_loop
     75
     76	002E			     ExitProgram:
     77	002E  B8 4C00					   MOV	  AX, 4C00h
     78	0031  CD 21					   INT	  21h
     79	0033			     MAIN ENDP
     80
     81	0033			     ResetState	PROC NEAR
     82	0033  C6 06 00EBr 00				   MOV	  BYTE PTR [IS_VALID], 0
     83	0038  C6 06 00ECr 00				   MOV	  BYTE PTR [IS_NEGATIVE], 0
     84	003D  C7 06 00F6r 0000				   MOV	  WORD PTR [INT_NUM], 0
     85	0043  C6 06 00EDr 07				   MOV	  BYTE PTR [USER_INPUT], 7
     86	0048  C6 06 00EEr 00				   MOV	  BYTE PTR [USER_INPUT + 1], 0
     87	004D  C3					   RET
     88	004E			     ResetState	ENDP
     89
     90	004E			     PrintGreeting PROC	NEAR
     91	004E  BA 0000r					   MOV	  DX, OFFSET GREETING_MSG
     92	0051  B4 09					   MOV	  AH, 09h
     93	0053  CD 21					   INT	  21h
     94	0055  BA 002Dr					   MOV	  DX, OFFSET RULES_MSG
     95	0058  B4 09					   MOV	  AH, 09h
     96	005A  CD 21					   INT	  21h
     97	005C  C3					   RET
     98	005D			     PrintGreeting ENDP
     99
    100	005D			     AskForInput PROC NEAR
    101	005D  BA 0058r					   MOV	  DX, OFFSET INPUT_MSG
    102	0060  B4 09					   MOV	  AH, 09h
    103	0062  CD 21					   INT	  21h
    104	0064  C3					   RET
    105	0065			     AskForInput ENDP
    106
    107	0065			     ReadUserNumber PROC NEAR
    108	0065  BA 00EDr					   MOV	  DX, OFFSET USER_INPUT
    109	0068  B4 0A					   MOV	  AH, 0Ah
    110	006A  CD 21					   INT	  21h
    111	006C  C3					   RET
    112	006D			     ReadUserNumber ENDP
    113
    114	006D			     ValidateUserInput PROC NEAR
Turbo Assembler	 Version 4.0	    03/21/25 12:28:24	    Page 3
lab21.asm



    115	006D  33 C0					   XOR	  AX, AX
    116	006F  33 D2					   XOR	  DX, DX
    117	0071  BE 00EFr					   MOV	  SI, OFFSET USER_INPUT	+ 2
    118	0074  8A 0E 00EEr				   MOV	  CL, [USER_INPUT + 1]
    119	0078  0A C9					   OR	  CL, CL
    120	007A  74 75					   JZ	  error_empty
    121
    122	007C  8A 1C					   MOV	  BL, [SI]
    123	007E  80 FB 71					   CMP	  BL, 'q'
    124	0081  74 AB					   JE	  ExitProgram
    125	0083  80 FB 2D					   CMP	  BL, '-'
    126	0086  75 09					   JNE	  check_digit
    127	0088  B2 01					   MOV	  DL, 1
    128	008A  88 16 00ECr				   MOV	  [IS_NEGATIVE], DL
    129	008E  46					   INC	  SI
    130	008F  FE C9					   DEC	  CL
    131
    132	0091				 check_digit:
    133	0091  80 F9 00					   CMP	  CL, 0
    134	0094  74 4B					   JZ	  error_invalid
    135	0096  8A 1C					   MOV	  BL, [SI]
    136	0098  80 FB 30					   CMP	  BL, '0'
    137	009B  75 08					   JNE	  convert_loop
    138	009D  80 F9 01					   CMP	  CL, 1
    139	00A0  74 03					   JE	  convert_loop
    140	00A2  EB 3D 90					   JMP	  error_invalid
    141
    142	00A5				 convert_loop:
    143	00A5  8A 1C					   MOV	  BL, [SI]
    144	00A7  80 FB 30					   CMP	  BL, '0'
    145	00AA  7C 35					   JL	  error_invalid
    146	00AC  80 FB 39					   CMP	  BL, '9'
    147	00AF  7F 30					   JG	  error_invalid
    148
    149	00B1  80 EB 30					   SUB	  BL, '0'
    150	00B4  B7 00					   MOV	  BH, 0
    151
    152	00B6  51					   PUSH	  CX
    153	00B7  B9 000A					   MOV	  CX, 10
    154	00BA  F7 E9					   IMUL	  CX
    155	00BC  70 29					   JO	  overflow
    156	00BE  03 C3					   ADD	  AX, BX
    157	00C0  72 25					   JC	  overflow
    158	00C2  59					   POP	  CX
    159
    160	00C3  46					   INC	  SI
    161	00C4  E2 DF					   LOOP	  convert_loop
    162
    163	00C6  3D 7FFF					   CMP	  AX, 32767
    164	00C9  7F 20					   JG	  error_out_of_range
    165
    166	00CB  A3 00F6r					   MOV	  [INT_NUM], AX
    167
    168	00CE  8A 16 00ECr				   MOV	  DL, [IS_NEGATIVE]
    169	00D2  0A D2					   OR	  DL, DL
    170	00D4  74 05					   JZ	  check_lower_bound
    171	00D6  F7 D8					   NEG	  AX
Turbo Assembler	 Version 4.0	    03/21/25 12:28:24	    Page 4
lab21.asm



    172	00D8  A3 00F6r					   MOV	  [INT_NUM], AX
    173
    174	00DB			     check_lower_bound:
    175	00DB  3D 8060					   CMP	  AX, -32672
    176	00DE  7C 0B					   JL	  error_out_of_range
    177
    178	00E0				 end_proc:
    179	00E0  C3					   RET
    180
    181	00E1				 error_invalid:
    182	00E1  BA 00AFr					   MOV	  DX, OFFSET ERR_INVALID_MSG
    183	00E4  EB 11 90					   JMP	  print_error
    184
    185	00E7				 overflow:
    186	00E7  59					   POP	  CX
    187	00E8  EB 01 90					   JMP	  error_out_of_range
    188	00EB				 error_out_of_range:
    189	00EB  BA 0090r					   MOV	  DX, OFFSET ERR_RANGE_MSG
    190	00EE  EB 07 90					   JMP	  print_error
    191
    192	00F1				 error_empty:
    193	00F1  BA 0073r					   MOV	  DX, OFFSET ERR_EMPTY_MSG
    194	00F4  EB 01 90					   JMP	  print_error
    195
    196	00F7				 print_error:
    197	00F7  B3 01					   MOV	  BL, 1
    198	00F9  88 1E 00EBr				   MOV	  [IS_VALID], BL
    199	00FD  B4 09					   MOV	  AH, 09h
    200	00FF  CD 21					   INT	  21h
    201	0101  C3					   RET
    202
    203	0102			     ValidateUserInput ENDP
    204
    205	0102			     SubtractNumber PROC NEAR
    206	0102  A1 00F6r					   MOV	  AX, [INT_NUM]
    207	0105  2D 0060					   SUB	  AX, 96
    208	0108  A3 00F6r					   MOV	  [INT_NUM], AX
    209	010B  C3					   RET
    210	010C			     SubtractNumber ENDP
    211
    212	010C			     PrintResult PROC NEAR
    213	010C  BA 0068r					   MOV	  DX, OFFSET RESULT_MSG
    214	010F  B4 09					   MOV	  AH, 09h
    215	0111  CD 21					   INT	  21h
    216
    217	0113  8B 1E 00F6r				   MOV	  BX, [INT_NUM]
    218	0117  0B DB					   OR	  BX, BX
    219	0119  79 08					   JNS	  print_number
    220
    221	011B  B2 2D					   MOV	  DL, '-'
    222	011D  B4 02					   MOV	  AH, 02h
    223	011F  CD 21					   INT	  21h
    224	0121  F7 DB					   NEG	  BX
    225
    226	0123				 print_number:
    227	0123  8B C3					   MOV	  AX, BX
    228	0125  33 C9					   XOR	  CX, CX
Turbo Assembler	 Version 4.0	    03/21/25 12:28:24	    Page 5
lab21.asm



    229	0127  BB 000A					   MOV	  BX, 10
    230
    231	012A				 push_digits:
    232	012A  33 D2					   XOR	  DX, DX
    233	012C  F7 F3					   DIV	  BX
    234	012E  80 C2 30					   ADD	  DL, '0'
    235	0131  52					   PUSH	  DX
    236	0132  41					   INC	  CX
    237	0133  85 C0					   TEST	  AX, AX
    238	0135  75 F3					   JNZ	  push_digits
    239
    240	0137				 pop_and_print:
    241	0137  5A					   POP	  DX
    242	0138  B4 02					   MOV	  AH, 02h
    243	013A  CD 21					   INT	  21h
    244	013C  E2 F9					   LOOP	  pop_and_print
    245
    246	013E  C3					   RET
    247	013F			     PrintResult ENDP
    248
    249	013F			     AskForExit	PROC NEAR
    250	013F  BA 00C8r					   MOV	  DX, OFFSET EXIT_MSG
    251	0142  B4 09					   MOV	  AH, 09h
    252	0144  CD 21					   INT	  21h
    253
    254	0146  B4 01					   MOV	  AH, 01h
    255	0148  CD 21					   INT	  21h
    256	014A  A2 00EDr					   MOV	  [USER_INPUT],	AL
    257	014D  C3					   RET
    258	014E			     AskForExit	ENDP
    259
    260	014E			     CODESEGMENT ENDS
    261				     END MAIN
Turbo Assembler	 Version 4.0	    03/21/25 12:28:24	    Page 6
Symbol Table




Symbol Name			  Type	 Value

??DATE				  Text	 "03/21/25"
??FILENAME			  Text	 "lab21	  "
??TIME				  Text	 "12:28:24"
??VERSION			  Number 0400
@CPU				  Text	 0101H
@CURSEG				  Text	 CODESEGMENT
@FILENAME			  Text	 LAB21
@WORDSIZE			  Text	 2
ASKFOREXIT			  Near	 CODESEGMENT:013F
ASKFORINPUT			  Near	 CODESEGMENT:005D
CHECK_DIGIT			  Near	 CODESEGMENT:0091
CHECK_LOWER_BOUND		  Near	 CODESEGMENT:00DB
CONVERT_LOOP			  Near	 CODESEGMENT:00A5
END_PROC			  Near	 CODESEGMENT:00E0
ERROR_EMPTY			  Near	 CODESEGMENT:00F1
ERROR_INVALID			  Near	 CODESEGMENT:00E1
ERROR_OUT_OF_RANGE		  Near	 CODESEGMENT:00EB
ERR_EMPTY_MSG			  Byte	 DATASEGMENT:0073
ERR_INVALID_MSG			  Byte	 DATASEGMENT:00AF
ERR_RANGE_MSG			  Byte	 DATASEGMENT:0090
EXITPROGRAM			  Near	 CODESEGMENT:002E
EXIT_MSG			  Byte	 DATASEGMENT:00C8
GREETING_MSG			  Byte	 DATASEGMENT:0000
INPUT_MSG			  Byte	 DATASEGMENT:0058
INT_NUM				  Word	 DATASEGMENT:00F6
IS_NEGATIVE			  Byte	 DATASEGMENT:00EC
IS_VALID			  Byte	 DATASEGMENT:00EB
MAIN				  Far	 CODESEGMENT:0000
OVERFLOW			  Near	 CODESEGMENT:00E7
POP_AND_PRINT			  Near	 CODESEGMENT:0137
PRINTGREETING			  Near	 CODESEGMENT:004E
PRINTRESULT			  Near	 CODESEGMENT:010C
PRINT_ERROR			  Near	 CODESEGMENT:00F7
PRINT_NUMBER			  Near	 CODESEGMENT:0123
PROGRAM_LOOP			  Near	 CODESEGMENT:0009
PUSH_DIGITS			  Near	 CODESEGMENT:012A
READUSERNUMBER			  Near	 CODESEGMENT:0065
RESETSTATE			  Near	 CODESEGMENT:0033
RESULT_MSG			  Byte	 DATASEGMENT:0068
RULES_MSG			  Byte	 DATASEGMENT:002D
SUBTRACTNUMBER			  Near	 CODESEGMENT:0102
USER_INPUT			  Byte	 DATASEGMENT:00ED
VALIDATEUSERINPUT		  Near	 CODESEGMENT:006D

Groups & Segments		  Bit Size Align  Combine Class

CODESEGMENT			  16  014E Para	  none	  CODE
DATASEGMENT			  16  00F8 Para	  Public  DATA
STACKSEGMENT			  16  0040 Para	  Stack	  STACK
